// Jest Snapshot v1, https://goo.gl/fbAQLP

exports[`User Screen Page renders User Screen Page to match snaptshots 1`] = `
<div>
  <section>
    <h2>
      <a
        href="/"
      >
        Back to Home
      </a>
    </h2>
    <br />
    <p>
      <a
        href="/users/1"
      >
        Leanne Graham
      </a>
    </p>
    <br />
    <p>
      <a
        href="/users/2"
      >
        Ervin Howell
      </a>
    </p>
    <br />
    <p>
      <a
        href="/users/3"
      >
        Clementine Bauch
      </a>
    </p>
    <br />
    <p>
      <a
        href="/users/4"
      >
        Patricia Lebsack
      </a>
    </p>
    <br />
    <p>
      <a
        href="/users/5"
      >
        Chelsey Dietrich
      </a>
    </p>
    <br />
    <p>
      <a
        href="/users/6"
      >
        Mrs. Dennis Schulist
      </a>
    </p>
    <br />
    <p>
      <a
        href="/users/7"
      >
        Kurtis Weissnat
      </a>
    </p>
    <br />
    <p>
      <a
        href="/users/8"
      >
        Nicholas Runolfsdottir V
      </a>
    </p>
    <br />
    <p>
      <a
        href="/users/9"
      >
        Glenna Reichert
      </a>
    </p>
    <br />
    <p>
      <a
        href="/users/10"
      >
        Clementina DuBuque
      </a>
    </p>
    <br />
  </section>
</div>
`;
